[ WARN 2026-09-15 20:43:22.425] moon_app::queries::changed_files  Detected a shallow checkout, unable to run Git commands to determine changed files. 
[ WARN 20:43:22.425] moon_app::queries::changed_files  A full Git history is required for affected checks, falling back to an empty files list. 
▮▮▮▮ consumer:scad.verify (ef386740)
+ openscad-docsgen -m -T /work/dsg/openscad/assemblies/tube-holder-assembly/tube_holder_assembly.scad
Parsing...
  /work/dsg/openscad/assemblies/tube-holder-assembly/tube_holder_assembly.scad
No log requests to process
+ openscad-docsgen -m -T /work/dsg/openscad/components/mounting-plate/mounting_plate.scad
Parsing...
  /work/dsg/openscad/components/mounting-plate/mounting_plate.scad
No log requests to process
+ openscad-docsgen -m -T /work/dsg/openscad/components/tube/tube.scad
Parsing...
  /work/dsg/openscad/components/tube/tube.scad
No log requests to process
+ openscad-docsgen -m -T /work/dsg/openscad/components/tube-holder/tube_holder.scad
Parsing...
  /work/dsg/openscad/components/tube-holder/tube_holder.scad
No log requests to process
Verification SCons engine: 2 target(s), cache=/work/.cache/scad-project/verification-scons
+ scons -Q -f /work/tools/tool.scad-project/src/scad_project/scons_driver.py SCAD_PROJECT_MANIFEST=/work/.cache/scad-project/verification-state/verification-manifest.json
_action(["vrf/out/png/mounting-plate-thickness-check.png"], ["vrf/openscad/mounting_plate_thickness_check.scad", "dsg/openscad/components/mounting-plate/mounting_plate.scad"])
+ xvfb-run -a openscad --enable=object-function --render --autocenter --viewall --imgsize=1280,720 -o /work/vrf/out/png/.mounting-plate-thickness-check.unwatermarked.png /work/vrf/openscad/mounting_plate_thickness_check.scad
Geometries in cache: 7
Geometry cache size in bytes: 5992
CGAL Polyhedrons in cache: 3
CGAL cache size in bytes: 8000
Total rendering time: 0:00:00.132
   Top level object is a 3D object (manifold):
   Status:     NoError
   Genus:      -1
   Vertices:       16
   Facets:         24
+ scad-image-watermark /work/vrf/out/png/.mounting-plate-thickness-check.unwatermarked.png /work/vrf/out/png/mounting-plate-thickness-check.png --text © 2026 brainboxemb
SCons built: vrf/out/png/mounting-plate-thickness-check.png
_action(["vrf/out/png/tube-holder-bore-check.png"], ["vrf/openscad/tube_holder_bore_check.scad", "dsg/openscad/components/tube-holder/tube_holder.scad", "dsg/openscad/ext/lib.scad.clamps/openscad/tube-clamp/tube_clamp.scad"])
+ xvfb-run -a openscad --enable=object-function --render --autocenter --viewall --imgsize=1280,720 -o /work/vrf/out/png/.tube-holder-bore-check.unwatermarked.png /work/vrf/openscad/tube_holder_bore_check.scad
Geometries in cache: 15
Geometry cache size in bytes: 102552
CGAL Polyhedrons in cache: 5
CGAL cache size in bytes: 277250
Total rendering time: 0:00:00.157
   Top level object is a 3D object (manifold):
   Status:     NoError
   Genus:      -1
   Vertices:      380
   Facets:        752
+ scad-image-watermark /work/vrf/out/png/.tube-holder-bore-check.unwatermarked.png /work/vrf/out/png/tube-holder-bore-check.png --text © 2026 brainboxemb
SCons built: vrf/out/png/tube-holder-bore-check.png
Verification SCons summary: targets=2 built=2 cache-restored=0 current=0 error=0
  built: vrf/out/png/mounting-plate-thickness-check.png
  built: vrf/out/png/tube-holder-bore-check.png
+ bash scripts/run-verification.sh
Migration 005 reference-consumer verification: OK
verify: OK
▮▮▮▮ consumer:scad.verify (2s 723ms, ef386740)

Tasks: 1 completed
 Time: 2s 787ms

